// Jest Snapshot v1, https://goo.gl/fbAQLP

exports[`(Component) MessagesList should render 1`] = `
<div
  class="content"
/>
`;
