// Jest Snapshot v1, https://goo.gl/fbAQLP

exports[`(Component) UsersInfo should render 1`] = `
<div>
  You(you) are talking with name
</div>
`;
