// Jest Snapshot v1, https://goo.gl/fbAQLP

exports[`(Container) App should render 1`] = `
<div
  className="root"
/>
`;

exports[`(Container) App will receive right props 1`] = `
Object {
  "error": null,
  "pending": true,
}
`;
