// Jest Snapshot v1, https://goo.gl/fbAQLP

exports[`(Container) ExtraInfo should render 1`] = `<ExtraInfoComponent />`;

exports[`(Container) ExtraInfo will receive right props 1`] = `
Object {
  "contact": "",
  "typing": false,
}
`;
